stm32f4xx_hal_msp.c:63:6:HAL_MspInit	8	static
stm32f4xx_hal_msp.c:85:6:HAL_CRC_MspInit	8	static
stm32f4xx_hal_msp.c:107:6:HAL_CRC_MspDeInit	0	static
stm32f4xx_hal_msp.c:129:6:HAL_DMA2D_MspInit	16	static
stm32f4xx_hal_msp.c:154:6:HAL_DMA2D_MspDeInit	0	static
stm32f4xx_hal_msp.c:179:6:HAL_I2C_MspInit	56	static
stm32f4xx_hal_msp.c:223:6:HAL_I2C_MspDeInit	8	static
stm32f4xx_hal_msp.c:254:6:HAL_LTDC_MspInit	120	static
stm32f4xx_hal_msp.c:380:6:HAL_LTDC_MspDeInit	8	static
stm32f4xx_hal_msp.c:444:6:HAL_SPI_MspInit	40	static
stm32f4xx_hal_msp.c:481:6:HAL_SPI_MspDeInit	0	static
stm32f4xx_hal_msp.c:511:6:HAL_TIM_Base_MspInit	8	static
stm32f4xx_hal_msp.c:533:6:HAL_TIM_Base_MspDeInit	0	static
stm32f4xx_hal_msp.c:657:6:HAL_SDRAM_MspInit	48	static
stm32f4xx_hal_msp.c:743:6:HAL_SDRAM_MspDeInit	8	static
